RAM Allocation [bytes]
Variable                                                                          Address   Size
------------------------------------------------------------------------------------------------

EEPROM Allocation [bytes]
Variable                                                                          Address   Size
------------------------------------------------------------------------------------------------

Register Allocation
Variable                                                                          Register  Size
------------------------------------------------------------------------------------------------

FLASH Allocation [words]
Function                                                                          Address   Size
------------------------------------------------------------------------------------------------
lcd_s                                                                             0x0005E     15
lcd_init                                                                          0x0006D     26
lcd_xy                                                                            0x00087     20
latch                                                                             0x0009B     10
lcd_cmd                                                                           0x000A5      9
lcd_char                                                                          0x000AE     15
main                                                                              0x000BD     21
