Archive member included to satisfy reference by file (symbol)

c:/program files (x86)/atmel/studio/7.0/toolchain/avr8/avr8-gnu-toolchain/bin/../lib/gcc/avr/5.4.0/../../../../avr/lib/avr6\libm.a(addsf3.o)
                              design_oscilloscope.o (__subsf3)
c:/program files (x86)/atmel/studio/7.0/toolchain/avr8/avr8-gnu-toolchain/bin/../lib/gcc/avr/5.4.0/../../../../avr/lib/avr6\libm.a(addsf3x.o)
                              c:/program files (x86)/atmel/studio/7.0/toolchain/avr8/avr8-gnu-toolchain/bin/../lib/gcc/avr/5.4.0/../../../../avr/lib/avr6\libm.a(addsf3.o) (__addsf3x)
c:/program files (x86)/atmel/studio/7.0/toolchain/avr8/avr8-gnu-toolchain/bin/../lib/gcc/avr/5.4.0/../../../../avr/lib/avr6\libm.a(cmpsf2.o)
                              design_oscilloscope.o (__eqsf2)
c:/program files (x86)/atmel/studio/7.0/toolchain/avr8/avr8-gnu-toolchain/bin/../lib/gcc/avr/5.4.0/../../../../avr/lib/avr6\libm.a(divsf3.o)
                              design_oscilloscope.o (__divsf3)
c:/program files (x86)/atmel/studio/7.0/toolchain/avr8/avr8-gnu-toolchain/bin/../lib/gcc/avr/5.4.0/../../../../avr/lib/avr6\libm.a(divsf3x.o)
                              c:/program files (x86)/atmel/studio/7.0/toolchain/avr8/avr8-gnu-toolchain/bin/../lib/gcc/avr/5.4.0/../../../../avr/lib/avr6\libm.a(divsf3.o) (__divsf3x)
c:/program files (x86)/atmel/studio/7.0/toolchain/avr8/avr8-gnu-toolchain/bin/../lib/gcc/avr/5.4.0/../../../../avr/lib/avr6\libm.a(fixsfsi.o)
                              u8glib.o (__fixsfsi)
c:/program files (x86)/atmel/studio/7.0/toolchain/avr8/avr8-gnu-toolchain/bin/../lib/gcc/avr/5.4.0/../../../../avr/lib/avr6\libm.a(fixunssfsi.o)
                              c:/program files (x86)/atmel/studio/7.0/toolchain/avr8/avr8-gnu-toolchain/bin/../lib/gcc/avr/5.4.0/../../../../avr/lib/avr6\libm.a(fixsfsi.o) (__fixunssfsi)
c:/program files (x86)/atmel/studio/7.0/toolchain/avr8/avr8-gnu-toolchain/bin/../lib/gcc/avr/5.4.0/../../../../avr/lib/avr6\libm.a(floatsisf.o)
                              design_oscilloscope.o (__floatsisf)
c:/program files (x86)/atmel/studio/7.0/toolchain/avr8/avr8-gnu-toolchain/bin/../lib/gcc/avr/5.4.0/../../../../avr/lib/avr6\libm.a(fp_cmp.o)
                              c:/program files (x86)/atmel/studio/7.0/toolchain/avr8/avr8-gnu-toolchain/bin/../lib/gcc/avr/5.4.0/../../../../avr/lib/avr6\libm.a(cmpsf2.o) (__fp_cmp)
c:/program files (x86)/atmel/studio/7.0/toolchain/avr8/avr8-gnu-toolchain/bin/../lib/gcc/avr/5.4.0/../../../../avr/lib/avr6\libm.a(fp_inf.o)
                              c:/program files (x86)/atmel/studio/7.0/toolchain/avr8/avr8-gnu-toolchain/bin/../lib/gcc/avr/5.4.0/../../../../avr/lib/avr6\libm.a(addsf3x.o) (__fp_inf)
c:/program files (x86)/atmel/studio/7.0/toolchain/avr8/avr8-gnu-toolchain/bin/../lib/gcc/avr/5.4.0/../../../../avr/lib/avr6\libm.a(fp_nan.o)
                              c:/program files (x86)/atmel/studio/7.0/toolchain/avr8/avr8-gnu-toolchain/bin/../lib/gcc/avr/5.4.0/../../../../avr/lib/avr6\libm.a(addsf3x.o) (__fp_nan)
c:/program files (x86)/atmel/studio/7.0/toolchain/avr8/avr8-gnu-toolchain/bin/../lib/gcc/avr/5.4.0/../../../../avr/lib/avr6\libm.a(fp_pscA.o)
                              c:/program files (x86)/atmel/studio/7.0/toolchain/avr8/avr8-gnu-toolchain/bin/../lib/gcc/avr/5.4.0/../../../../avr/lib/avr6\libm.a(addsf3x.o) (__fp_pscA)
c:/program files (x86)/atmel/studio/7.0/toolchain/avr8/avr8-gnu-toolchain/bin/../lib/gcc/avr/5.4.0/../../../../avr/lib/avr6\libm.a(fp_pscB.o)
                              c:/program files (x86)/atmel/studio/7.0/toolchain/avr8/avr8-gnu-toolchain/bin/../lib/gcc/avr/5.4.0/../../../../avr/lib/avr6\libm.a(addsf3x.o) (__fp_pscB)
c:/program files (x86)/atmel/studio/7.0/toolchain/avr8/avr8-gnu-toolchain/bin/../lib/gcc/avr/5.4.0/../../../../avr/lib/avr6\libm.a(fp_round.o)
                              c:/program files (x86)/atmel/studio/7.0/toolchain/avr8/avr8-gnu-toolchain/bin/../lib/gcc/avr/5.4.0/../../../../avr/lib/avr6\libm.a(addsf3.o) (__fp_round)
c:/program files (x86)/atmel/studio/7.0/toolchain/avr8/avr8-gnu-toolchain/bin/../lib/gcc/avr/5.4.0/../../../../avr/lib/avr6\libm.a(fp_split3.o)
                              c:/program files (x86)/atmel/studio/7.0/toolchain/avr8/avr8-gnu-toolchain/bin/../lib/gcc/avr/5.4.0/../../../../avr/lib/avr6\libm.a(addsf3x.o) (__fp_split3)
c:/program files (x86)/atmel/studio/7.0/toolchain/avr8/avr8-gnu-toolchain/bin/../lib/gcc/avr/5.4.0/../../../../avr/lib/avr6\libm.a(fp_zero.o)
                              c:/program files (x86)/atmel/studio/7.0/toolchain/avr8/avr8-gnu-toolchain/bin/../lib/gcc/avr/5.4.0/../../../../avr/lib/avr6\libm.a(addsf3x.o) (__fp_zero)
c:/program files (x86)/atmel/studio/7.0/toolchain/avr8/avr8-gnu-toolchain/bin/../lib/gcc/avr/5.4.0/../../../../avr/lib/avr6\libm.a(gesf2.o)
                              design_oscilloscope.o (__gtsf2)
[...]
Memory Configuration

Name             Origin             Length             Attributes
text             0x00000000         0x00040000         xr
data             0x00800200         0x00002000         rw !x
eeprom           0x00810000         0x00001000         rw !x
fuse             0x00820000         0x00000003         rw !x
lock             0x00830000         0x00000400         rw !x
signature        0x00840000         0x00000400         rw !x
user_signatures  0x00850000         0x00000400         rw !x
*default*        0x00000000         0xffffffff

Linker script and memory map

Address of section .data set to 0x800200
LOAD C:/Program Files (x86)/Atmel/Studio/7.0/Packs/atmel/ATmega_DFP/1.6.364/gcc/dev/atmega2560/avr6/crtatmega2560.o
LOAD adc.o
LOAD chessengine.o
LOAD design_oscilloscope.o
LOAD u8glib.o
LOAD u8g_bitmap.o
LOAD u8g_circle.o
LOAD u8g_clip.o
LOAD u8g_com_api.o
LOAD u8g_com_api_16gr.o
LOAD u8g_com_arduino_attiny85_hw_spi.o
LOAD u8g_com_arduino_common.o
LOAD u8g_com_arduino_fast_parallel.o
LOAD u8g_com_arduino_hw_spi.o
LOAD u8g_com_arduino_hw_usart_spi.o
LOAD u8g_com_arduino_no_en_parallel.o
LOAD u8g_com_arduino_parallel.o
LOAD u8g_com_arduino_port_d_wr.o
LOAD u8g_com_arduino_ssd_i2c.o
LOAD u8g_com_arduino_st7920_custom.o
LOAD u8g_com_arduino_st7920_hw_spi.o
LOAD u8g_com_arduino_st7920_spi.o
LOAD u8g_com_arduino_std_sw_spi.o
LOAD u8g_com_arduino_sw_spi.o
LOAD u8g_com_arduino_t6963.o
LOAD u8g_com_arduino_uc_i2c.o
LOAD u8g_com_atmega_hw_spi.o
LOAD u8g_com_atmega_parallel.o
LOAD u8g_com_atmega_st7920_hw_spi.o
LOAD u8g_com_atmega_st7920_spi.o
LOAD u8g_com_atmega_sw_spi.o
LOAD u8g_com_i2c.o
LOAD u8g_com_io.o
LOAD u8g_com_msp430_hw_spi.o
LOAD u8g_com_null.o
LOAD u8g_com_raspberrypi_hw_spi.o
LOAD u8g_com_raspberrypi_ssd_i2c.o
LOAD u8g_com_std_sw_spi.o
LOAD u8g_cursor.o
LOAD u8g_delay.o
LOAD u8g_dev_a2_micro_printer.o
LOAD u8g_dev_flipdisc_2x7.o
LOAD u8g_dev_gprof.o
LOAD u8g_dev_ht1632.o
LOAD u8g_dev_ili9325d_320x240.o
LOAD u8g_dev_ks0108_128x64.o
LOAD u8g_dev_lc7981_160x80.o
LOAD u8g_dev_lc7981_240x128.o
LOAD u8g_dev_lc7981_240x64.o
LOAD u8g_dev_lc7981_320x64.o
LOAD u8g_dev_ld7032_60x32.o
LOAD u8g_dev_null.o
LOAD u8g_dev_pcd8544_84x48.o
LOAD u8g_dev_pcf8812_96x65.o
LOAD u8g_dev_sbn1661_122x32.o
LOAD u8g_dev_ssd1306_128x32.o
LOAD u8g_dev_ssd1306_128x64.o
LOAD u8g_dev_ssd1306_64x48.o
LOAD u8g_dev_ssd1309_128x64.o
LOAD u8g_dev_ssd1322_nhd31oled_bw.o
LOAD u8g_dev_ssd1322_nhd31oled_gr.o
LOAD u8g_dev_ssd1325_nhd27oled_bw.o
LOAD u8g_dev_ssd1325_nhd27oled_bw_new.o
LOAD u8g_dev_ssd1325_nhd27oled_gr.o
LOAD u8g_dev_ssd1325_nhd27oled_gr_new.o
LOAD u8g_dev_ssd1327_96x96_gr.o
LOAD u8g_dev_ssd1351_128x128.o
LOAD u8g_dev_ssd1353_160x128.o
LOAD u8g_dev_st7565_64128n.o
LOAD u8g_dev_st7565_dogm128.o
LOAD u8g_dev_st7565_dogm132.o
LOAD u8g_dev_st7565_lm6059.o
LOAD u8g_dev_st7565_lm6063.o
LOAD u8g_dev_st7565_nhd_c12832.o
LOAD u8g_dev_st7565_nhd_c12864.o
LOAD u8g_dev_st7687_c144mvgd.o
LOAD u8g_dev_st7920_128x64.o
LOAD u8g_dev_st7920_192x32.o
LOAD u8g_dev_st7920_202x32.o
LOAD u8g_dev_t6963_128x128.o
LOAD u8g_dev_t6963_128x64.o
LOAD u8g_dev_t6963_240x128.o
LOAD u8g_dev_t6963_240x64.o
LOAD u8g_dev_tls8204_84x48.o
LOAD u8g_dev_uc1601_c128032.o
LOAD u8g_dev_uc1608_240x128.o
LOAD u8g_dev_uc1608_240x64.o
LOAD u8g_dev_uc1610_dogxl160.o
LOAD u8g_dev_uc1611_dogm240.o
LOAD u8g_dev_uc1611_dogxl240.o
LOAD u8g_dev_uc1701_dogs102.o
LOAD u8g_dev_uc1701_mini12864.o
LOAD u8g_ellipse.o
LOAD u8g_font.o
LOAD u8g_font_data.o
LOAD u8g_line.o
LOAD u8g_ll_api.o
LOAD u8g_page.o
LOAD u8g_pb.o
LOAD u8g_pb14v1.o
LOAD u8g_pb16h1.o
LOAD u8g_pb16h2.o
LOAD u8g_pb16v1.o
LOAD u8g_pb16v2.o
LOAD u8g_pb32h1.o
LOAD u8g_pb8h1.o
LOAD u8g_pb8h1f.o
LOAD u8g_pb8h2.o
LOAD u8g_pb8h8.o
LOAD u8g_pb8v1.o
LOAD u8g_pb8v2.o
LOAD u8g_pbxh16.o
LOAD u8g_pbxh24.o
LOAD u8g_polygon.o
LOAD u8g_rect.o
LOAD u8g_rot.o
LOAD u8g_scale.o
LOAD u8g_state.o
LOAD u8g_u16toa.o
LOAD u8g_u8toa.o
LOAD u8g_virtual_screen.o
START GROUP
LOAD c:/program files (x86)/atmel/studio/7.0/toolchain/avr8/avr8-gnu-toolchain/bin/../lib/gcc/avr/5.4.0/../../../../avr/lib/avr6\libm.a
END GROUP
START GROUP
LOAD c:/program files (x86)/atmel/studio/7.0/toolchain/avr8/avr8-gnu-toolchain/bin/../lib/gcc/avr/5.4.0/avr6\libgcc.a
LOAD c:/program files (x86)/atmel/studio/7.0/toolchain/avr8/avr8-gnu-toolchain/bin/../lib/gcc/avr/5.4.0/../../../../avr/lib/avr6\libm.a
LOAD c:/program files (x86)/atmel/studio/7.0/toolchain/avr8/avr8-gnu-toolchain/bin/../lib/gcc/avr/5.4.0/../../../../avr/lib/avr6\libc.a
LOAD C:/Program Files (x86)/Atmel/Studio/7.0/Packs/atmel/ATmega_DFP/1.6.364/gcc/dev/atmega2560/avr6\libatmega2560.a
END GROUP
                0x00000000                __TEXT_REGION_ORIGIN__ = DEFINED (__TEXT_REGION_ORIGIN__)?__TEXT_REGION_ORIGIN__:0x0
                [0x00800200]                __DATA_REGION_ORIGIN__ = DEFINED (__DATA_REGION_ORIGIN__)?__DATA_REGION_ORIGIN__:0x800200
                [0x00040000]                __TEXT_REGION_LENGTH__ = DEFINED (__TEXT_REGION_LENGTH__)?__TEXT_REGION_LENGTH__:0x100000
                [0x00002000]                __DATA_REGION_LENGTH__ = DEFINED (__DATA_REGION_LENGTH__)?__DATA_REGION_LENGTH__:0xfe00
                [0x00001000]                __EEPROM_REGION_LENGTH__ = DEFINED (__EEPROM_REGION_LENGTH__)?__EEPROM_REGION_LENGTH__:0x10000
                [0x00000003]                __FUSE_REGION_LENGTH__ = DEFINED (__FUSE_REGION_LENGTH__)?__FUSE_REGION_LENGTH__:0x400
                0x00000400                __LOCK_REGION_LENGTH__ = DEFINED (__LOCK_REGION_LENGTH__)?__LOCK_REGION_LENGTH__:0x400
                0x00000400                __SIGNATURE_REGION_LENGTH__ = DEFINED (__SIGNATURE_REGION_LENGTH__)?__SIGNATURE_REGION_LENGTH__:0x400
                0x00000400                __USER_SIGNATURE_REGION_LENGTH__ = DEFINED (__USER_SIGNATURE_REGION_LENGTH__)?__USER_SIGNATURE_REGION_LENGTH__:0x400

.hash
 *(.hash)

.dynsym
 *(.dynsym)

.dynstr
 *(.dynstr)

.gnu.version
 *(.gnu.version)

.gnu.version_d
 *(.gnu.version_d)

.gnu.version_r
 *(.gnu.version_r)

.rel.init
 *(.rel.init)

.rela.init
 *(.rela.init)

.rel.text
 *(.rel.text)
 *(.rel.text.*)
 *(.rel.gnu.linkonce.t*)

.rela.text
 *(.rela.text)
 *(.rela.text.*)
 *(.rela.gnu.linkonce.t*)

.rel.fini
 *(.rel.fini)

.rela.fini
 *(.rela.fini)

.rel.rodata
 *(.rel.rodata)
 *(.rel.rodata.*)
 *(.rel.gnu.linkonce.r*)

.rela.rodata
 *(.rela.rodata)
 *(.rela.rodata.*)
 *(.rela.gnu.linkonce.r*)

.rel.data
 *(.rel.data)
 *(.rel.data.*)
 *(.rel.gnu.linkonce.d*)

.rela.data
 *(.rela.data)
 *(.rela.data.*)
 *(.rela.gnu.linkonce.d*)

.rel.ctors
 *(.rel.ctors)

.rela.ctors
 *(.rela.ctors)

.rel.dtors
 *(.rel.dtors)

.rela.dtors
 *(.rela.dtors)

.rel.got
 *(.rel.got)

.rela.got
 *(.rela.got)

.rel.bss
 *(.rel.bss)

.rela.bss
 *(.rela.bss)

.rel.plt
 *(.rel.plt)

.rela.plt
 *(.rela.plt)

.text           0x00000000     0x2af6
 *(.vectors)
 .vectors       0x00000000       0xe4 C:/Program Files (x86)/Atmel/Studio/7.0/Packs/atmel/ATmega_DFP/1.6.364/gcc/dev/atmega2560/avr6/crtatmega2560.o
                0x00000000                __vector_default
                0x00000000                __vectors
 *(.vectors)
 *(.progmem.gcc*)
 .progmem.gcc_sw_table.u8g_com_atmega_parallel_fn
                0x000000e4        0xe u8g_com_atmega_parallel.o
 .progmem.gcc_sw_table.u8g_dev_pb8v1_base_fn
                0x000000f2       0x68 u8g_pb8v1.o
 .progmem.gcc_fplib
                0x0000015a       0x28 c:/program files (x86)/atmel/studio/7.0/toolchain/avr8/avr8-gnu-toolchain/bin/../lib/gcc/avr/5.4.0/../../../../avr/lib/avr6\libm.a(exp.o)
 .progmem.gcc_fplib
                0x00000182       0x5a c:/program files (x86)/atmel/studio/7.0/toolchain/avr8/avr8-gnu-toolchain/bin/../lib/gcc/avr/5.4.0/../../../../avr/lib/avr6\libm.a(log.o)
                0x000001dc                . = ALIGN (0x2)
                0x000001dc                __trampolines_start = .
 *(.trampolines)
 .trampolines   0x000001dc        0x0 linker stubs
 *(.trampolines*)
                0x000001dc                __trampolines_end = .
 *libprintf_flt.a:*(.progmem.data)
 *libc.a:*(.progmem.data)
 *(.progmem*)
 .progmem.data.u8g_avr_port_P
                0x000001dc       0x10 u8g_com_io.o
                0x000001dc                u8g_avr_port_P
 .progmem.data.u8g_avr_ddr_P
                0x000001ec       0x10 u8g_com_io.o
                0x000001ec                u8g_avr_ddr_P
 .progmem.data.u8g_dev_ks0108_128x64_init_seq
                0x000001fc       0x16 u8g_dev_ks0108_128x64.o
 .progmem.u8g_font_5x7
                0x00000212      0x658 u8g_font_data.o
                0x00000212                u8g_font_5x7
                0x0000086a                . = ALIGN (0x2)
 *(.jumptables)
 *(.jumptables*)
 *(.lowtext)
 *(.lowtext*)
                0x0000086a                __ctors_start = .
 *(.ctors)
                0x0000086a                __ctors_end = .
                0x0000086a                __dtors_start = .
 *(.dtors)
                0x0000086a                __dtors_end = .
 SORT(*)(.ctors)
 SORT(*)(.dtors)
 *(.init0)
 .init0         0x0000086a        0x0 C:/Program Files (x86)/Atmel/Studio/7.0/Packs/atmel/ATmega_DFP/1.6.364/gcc/dev/atmega2560/avr6/crtatmega2560.o
                0x0000086a                __init
 *(.init0)
 *(.init1)
 *(.init1)
 *(.init2)
 .init2         0x0000086a       0x10 C:/Program Files (x86)/Atmel/Studio/7.0/Packs/atmel/ATmega_DFP/1.6.364/gcc/dev/atmega2560/avr6/crtatmega2560.o
 *(.init2)
 *(.init3)
 *(.init3)
 *(.init4)
 .init4         0x0000087a       0x1a c:/program files (x86)/atmel/studio/7.0/toolchain/avr8/avr8-gnu-toolchain/bin/../lib/gcc/avr/5.4.0/avr6\libgcc.a(_copy_data.o)
                0x0000087a                __do_copy_data
 .init4         0x00000894       0x10 c:/program files (x86)/atmel/studio/7.0/toolchain/avr8/avr8-gnu-toolchain/bin/../lib/gcc/avr/5.4.0/avr6\libgcc.a(_clear_bss.o)
                0x00000894                __do_clear_bss
 *(.init4)
 *(.init5)
 *(.init5)
 *(.init6)
 *(.init6)
 *(.init7)
 *(.init7)
 *(.init8)
 *(.init8)
 *(.init9)
 .init9         0x000008a4        0x6 C:/Program Files (x86)/Atmel/Studio/7.0/Packs/atmel/ATmega_DFP/1.6.364/gcc/dev/atmega2560/avr6/crtatmega2560.o
 *(.init9)
 *(.text)
 .text          0x000008aa        0x2 C:/Program Files (x86)/Atmel/Studio/7.0/Packs/atmel/ATmega_DFP/1.6.364/gcc/dev/atmega2560/avr6/crtatmega2560.o
                0x000008aa                __vector_38
                0x000008aa                __vector_22
                0x000008aa                __vector_28
                0x000008aa                __vector_1
                0x000008aa                __vector_32
                0x000008aa                __vector_34
                0x000008aa                __vector_24
                0x000008aa                __vector_12
                0x000008aa                __vector_55
                0x000008aa                __vector_46
                0x000008aa                __bad_interrupt
                0x000008aa                __vector_31
                0x000008aa                __vector_35
                0x000008aa                __vector_39
                0x000008aa                __vector_23
                0x000008aa                __vector_30
                0x000008aa                __vector_45
                0x000008aa                __vector_25
                0x000008aa                __vector_11
                0x000008aa                __vector_54
                0x000008aa                __vector_13
                0x000008aa                __vector_17
                0x000008aa                __vector_19
                0x000008aa                __vector_56
                0x000008aa                __vector_7
                0x000008aa                __vector_49
                0x000008aa                __vector_41
                0x000008aa                __vector_43
                0x000008aa                __vector_27
                0x000008aa                __vector_33
                0x000008aa                __vector_47
                0x000008aa                __vector_52
                0x000008aa                __vector_37
                0x000008aa                __vector_44
                0x000008aa                __vector_51
                0x000008aa                __vector_9
                0x000008aa                __vector_21
                0x000008aa                __vector_15
                0x000008aa                __vector_36
                0x000008aa                __vector_29
                0x000008aa                __vector_40
                0x000008aa                __vector_8
                0x000008aa                __vector_26
                0x000008aa                __vector_48
                0x000008aa                __vector_14
                0x000008aa                __vector_53
                0x000008aa                __vector_10
                0x000008aa                __vector_50
                0x000008aa                __vector_16
                0x000008aa                __vector_18
                0x000008aa                __vector_20
                0x000008aa                __vector_42
                0x000008ac                . = ALIGN (0x2)
 *(.text.*)
 .text.adc_init
                0x000008ac       0x38 adc.o
                0x000008ac                adc_init
 .text.select_adc_channel
                0x000008e4       0x1c adc.o
                0x000008e4                select_adc_channel
 .text.start_adc
                0x00000900        0xc adc.o
                0x00000900                start_adc
 .text.check_adc_conversion_complete
                0x0000090c       0x10 adc.o
                0x0000090c                check_adc_conversion_complete
 .text.read_adc_converted_data
                0x0000091c        0x6 adc.o
                0x0000091c                read_adc_converted_data
 .text.reset_adc_config_registers
                0x00000922       0x20 adc.o
                0x00000922                reset_adc_config_registers
 .text.convert_analog_channel_data
                0x00000942       0x18 adc.o
                0x00000942                convert_analog_channel_data
 .text.dso_switches_input_channel_config
                0x0000095a       0x2e design_oscilloscope.o
                0x0000095a                dso_switches_input_channel_config
 .text.dso_switches_interrupt_config
                0x00000988       0x32 design_oscilloscope.o
                0x00000988                dso_switches_interrupt_config
 .text.dso_init
                0x000009ba        0xa design_oscilloscope.o
                0x000009ba                dso_init
 .text.__vector_2
                0x000009c4       0xa0 design_oscilloscope.o
                0x000009c4                __vector_2
 .text.__vector_3
                0x00000a64       0x9e design_oscilloscope.o
                0x00000a64                __vector_3
 .text.__vector_4
                0x00000b02       0x32 design_oscilloscope.o
                0x00000b02                __vector_4
 .text.__vector_5
                0x00000b34       0x40 design_oscilloscope.o
                0x00000b34                __vector_5
 .text.__vector_6
                0x00000b74       0x3a design_oscilloscope.o
                0x00000b74                __vector_6
 .text.dso_start_screen
                0x00000bae       0x24 design_oscilloscope.o
                0x00000bae                dso_start_screen
 .text.sample_input_wave
                0x00000bd2       0xd4 design_oscilloscope.o
                0x00000bd2                sample_input_wave
 .text.calc_vpp_vmid
                0x00000ca6       0xbc design_oscilloscope.o
                0x00000ca6                calc_vpp_vmid
 .text.calc_start_end_wave_idx
                0x00000d62       0xa0 design_oscilloscope.o
                0x00000d62                calc_start_end_wave_idx
 .text.calc_frequency
                0x00000e02       0x8e design_oscilloscope.o
                0x00000e02                calc_frequency
 .text.measure_parameters
                0x00000e90        0x8 design_oscilloscope.o
                0x00000e90                measure_parameters
 .text.translate_wave_to_pixels
                0x00000e98       0x4c design_oscilloscope.o
                0x00000e98                translate_wave_to_pixels
 .text.draw_ref_frame
                0x00000ee4       0x84 design_oscilloscope.o
                0x00000ee4                draw_ref_frame
 .text.draw_waveform
                0x00000f68       0x40 design_oscilloscope.o
                0x00000f68                draw_waveform
 .text.display_wave_info_text_data
                0x00000fa8       0xa4 design_oscilloscope.o
                0x00000fa8                display_wave_info_text_data
 .text.dso_display_waveform_data
                0x0000104c       0x10 design_oscilloscope.o
                0x0000104c                dso_display_waveform_data
 .text.start_dso_operation
                0x0000105c        0xa design_oscilloscope.o
                0x0000105c                start_dso_operation
 .text.main     0x00001066        0x8 design_oscilloscope.o
                0x00001066                main
 .text.sys_init
                0x0000106e        0xc u8glib.o
                0x0000106e                sys_init
 .text.glcd_setup
                0x0000107a       0xd2 u8glib.o
                0x0000107a                glcd_setup
 .text.setPrintPos
                0x0000114c        0xa u8glib.o
                0x0000114c                setPrintPos
 .text.reverse  0x00001156       0x2e u8glib.o
                0x00001156                reverse
 .text.intToStr
                0x00001184       0x5c u8glib.o
                0x00001184                intToStr
 .text.ftoa     0x000011e0       0xc0 u8glib.o
                0x000011e0                ftoa
 .text.print_float
                0x000012a0       0x48 u8glib.o
                0x000012a0                print_float
 .text.drawFrame
                0x000012e8       0x16 u8glib.o
                0x000012e8                drawFrame
 .text.drawLine
                0x000012fe       0x14 u8glib.o
                0x000012fe                drawLine
 .text.drawPixel
                0x00001312        0xc u8glib.o
                0x00001312                drawPixel
 .text.drawStr  0x0000131e        0xe u8glib.o
                0x0000131e                drawStr
 .text.setFont  0x0000132c        0xa u8glib.o
                0x0000132c                setFont
 .text.firstPage
                0x00001336        0x8 u8glib.o
                0x00001336                firstPage
 .text.nextPage
                0x0000133e        0x8 u8glib.o
                0x0000133e                nextPage
 .text.u8g_IsBBXIntersection
                0x00001346       0x70 u8g_clip.o
                0x00001346                u8g_IsBBXIntersection
 .text.u8g_InitCom
                0x000013b6       0x14 u8g_com_api.o
                0x000013b6                u8g_InitCom
 .text.u8g_SetChipSelect
                0x000013ca       0x14 u8g_com_api.o
                0x000013ca                u8g_SetChipSelect
 .text.u8g_SetResetLow
                0x000013de       0x16 u8g_com_api.o
                0x000013de                u8g_SetResetLow
 .text.u8g_SetResetHigh
                0x000013f4       0x16 u8g_com_api.o
                0x000013f4                u8g_SetResetHigh
 .text.u8g_SetAddress
                0x0000140a       0x14 u8g_com_api.o
                0x0000140a                u8g_SetAddress
 .text.u8g_WriteByte
                0x0000141e       0x14 u8g_com_api.o
                0x0000141e                u8g_WriteByte
 .text.u8g_WriteSequence
                0x00001432       0x10 u8g_com_api.o
                0x00001432                u8g_WriteSequence
 .text.u8g_WriteEscSeqP
                0x00001442       0xd6 u8g_com_api.o
                0x00001442                u8g_WriteEscSeqP
 .text.u8g_com_atmega_parallel_write
                0x00001518       0x82 u8g_com_atmega_parallel.o
 .text.u8g_com_atmega_parallel_fn
                0x0000159a      0x142 u8g_com_atmega_parallel.o
                0x0000159a                u8g_com_atmega_parallel_fn
 .text.u8g_get_avr_io_ptr
                0x000016dc       0x30 u8g_com_io.o
 .text.u8g_Pin  0x0000170c        0xa u8g_com_io.o
                0x0000170c                u8g_Pin
 .text.u8g_SetPinOutput
                0x00001716       0x2e u8g_com_io.o
                0x00001716                u8g_SetPinOutput
 .text.u8g_SetPinLevel
                0x00001744       0x60 u8g_com_io.o
                0x00001744                u8g_SetPinLevel
 .text.u8g_SetPIOutput
                0x000017a4       0x10 u8g_com_io.o
                0x000017a4                u8g_SetPIOutput
 .text.u8g_SetPILevel
                0x000017b4       0x12 u8g_com_io.o
                0x000017b4                u8g_SetPILevel
 .text.u8g_Delay
                0x000017c6       0x12 u8g_delay.o
                0x000017c6                u8g_Delay
 .text.u8g_MicroDelay
                0x000017d8        0x2 u8g_delay.o
                0x000017d8                u8g_MicroDelay
 .text.u8g_10MicroDelay
                0x000017da        0xa u8g_delay.o
                0x000017da                u8g_10MicroDelay
 .text.u8g_dev_ks0108_128x64_fn
                0x000017e4       0xe2 u8g_dev_ks0108_128x64.o
                0x000017e4                u8g_dev_ks0108_128x64_fn
 .text.u8g_font_get_byte
                0x000018c6        0xa u8g_font.o
 .text.u8g_font_get_word
                0x000018d0       0x18 u8g_font.o
 .text.u8g_font_GetFormat
                0x000018e8        0x6 u8g_font.o
 .text.u8g_font_GetFontGlyphStructureSize
                0x000018ee       0x12 u8g_font.o
 .text.u8g_font_GetGlyphDataStart
                0x00001900       0x16 u8g_font.o
 .text.u8g_CopyGlyphDataToCache
                0x00001916       0xa6 u8g_font.o
 .text.u8g_FillEmptyGlyphCache
                0x000019bc        0xe u8g_font.o
 .text.u8g_font_calc_vref_font
                0x000019ca        0x4 u8g_font.o
                0x000019ca                u8g_font_calc_vref_font
 .text.u8g_font_GetCapitalAHeight
                0x000019ce        0x6 u8g_font.o
                0x000019ce                u8g_font_GetCapitalAHeight
 .text.u8g_font_GetEncoding65Pos
                0x000019d4        0x6 u8g_font.o
                0x000019d4                u8g_font_GetEncoding65Pos
 .text.u8g_font_GetEncoding97Pos
                0x000019da        0x6 u8g_font.o
                0x000019da                u8g_font_GetEncoding97Pos
 .text.u8g_font_GetFontStartEncoding
                0x000019e0        0x6 u8g_font.o
                0x000019e0                u8g_font_GetFontStartEncoding
 .text.u8g_font_GetFontEndEncoding
                0x000019e6        0x6 u8g_font.o
                0x000019e6                u8g_font_GetFontEndEncoding
 .text.u8g_font_GetLowerGDescent
                0x000019ec        0x6 u8g_font.o
                0x000019ec                u8g_font_GetLowerGDescent
 .text.u8g_font_GetFontAscent
                0x000019f2        0x6 u8g_font.o
                0x000019f2                u8g_font_GetFontAscent
 .text.u8g_font_GetFontDescent
                0x000019f8        0x6 u8g_font.o
                0x000019f8                u8g_font_GetFontDescent
 .text.u8g_font_GetFontXAscent
                0x000019fe        0x6 u8g_font.o
                0x000019fe                u8g_font_GetFontXAscent
 .text.u8g_font_GetFontXDescent
                0x00001a04        0x6 u8g_font.o
                0x00001a04                u8g_font_GetFontXDescent
 .text.u8g_GetGlyph
                0x00001a0a       0xee u8g_font.o
                0x00001a0a                u8g_GetGlyph
 .text.u8g_draw_glyph
                0x00001af8       0xba u8g_font.o
                0x00001af8                u8g_draw_glyph
 .text.u8g_DrawStr
                0x00001bb2       0x4e u8g_font.o
                0x00001bb2                u8g_DrawStr
 .text.u8g_UpdateRefHeight
                0x00001c00       0x7a u8g_font.o
                0x00001c00                u8g_UpdateRefHeight
 .text.u8g_SetFontPosBaseline
                0x00001c7a        0xc u8g_font.o
                0x00001c7a                u8g_SetFontPosBaseline
 .text.u8g_SetFont
                0x00001c86       0x22 u8g_font.o
                0x00001c86                u8g_SetFont
 .text.u8g_DrawLine
                0x00001ca8       0xb8 u8g_line.o
                0x00001ca8                u8g_DrawLine
 .text.u8g_call_dev_fn
                0x00001d60        0xa u8g_ll_api.o
                0x00001d60                u8g_call_dev_fn
 .text.u8g_InitLL
                0x00001d6a       0x3e u8g_ll_api.o
                0x00001d6a                u8g_InitLL
 .text.u8g_FirstPageLL
                0x00001da8       0x48 u8g_ll_api.o
                0x00001da8                u8g_FirstPageLL
 .text.u8g_NextPageLL
                0x00001df0       0x54 u8g_ll_api.o
                0x00001df0                u8g_NextPageLL
 .text.u8g_DrawPixelLL
                0x00001e44       0x14 u8g_ll_api.o
                0x00001e44                u8g_DrawPixelLL
 .text.u8g_Draw8PixelLL
                0x00001e58       0x20 u8g_ll_api.o
                0x00001e58                u8g_Draw8PixelLL
 .text.u8g_GetWidthLL
                0x00001e78       0x1e u8g_ll_api.o
                0x00001e78                u8g_GetWidthLL
 .text.u8g_GetHeightLL
                0x00001e96       0x1e u8g_ll_api.o
                0x00001e96                u8g_GetHeightLL
 .text.u8g_GetModeLL
                0x00001eb4        0xa u8g_ll_api.o
                0x00001eb4                u8g_GetModeLL
 .text.u8g_UpdateDimension
                0x00001ebe       0x38 u8g_ll_api.o
                0x00001ebe                u8g_UpdateDimension
 .text.u8g_Begin
                0x00001ef6       0x1c u8g_ll_api.o
                0x00001ef6                u8g_Begin
 .text.u8g_FirstPage
                0x00001f12        0xa u8g_ll_api.o
                0x00001f12                u8g_FirstPage
 .text.u8g_NextPage
                0x00001f1c       0x1e u8g_ll_api.o
                0x00001f1c                u8g_NextPage
 .text.u8g_DrawPixel
                0x00001f3a       0x10 u8g_ll_api.o
                0x00001f3a                u8g_DrawPixel
 .text.u8g_Draw8Pixel
                0x00001f4a       0x1c u8g_ll_api.o
                0x00001f4a                u8g_Draw8Pixel
 .text.u8g_SetColorIndex
                0x00001f66        0x6 u8g_ll_api.o
                0x00001f66                u8g_SetColorIndex
 .text.u8g_init_data
                0x00001f6c       0x56 u8g_ll_api.o
 .text.u8g_Init8Bit
                0x00001fc2       0x78 u8g_ll_api.o
                0x00001fc2                u8g_Init8Bit
 .text.u8g_page_First
                0x0000203a        0xe u8g_page.o
                0x0000203a                u8g_page_First
 .text.u8g_page_Next
                0x00002048       0x2c u8g_page.o
                0x00002048                u8g_page_Next
 .text.u8g_pb_Clear
                0x00002074       0x22 u8g_pb.o
                0x00002074                u8g_pb_Clear
 .text.u8g_pb_IsYIntersection
                0x00002096       0x30 u8g_pb.o
                0x00002096                u8g_pb_IsYIntersection
 .text.u8g_pb_GetPageBox
                0x000020c6       0x20 u8g_pb.o
                0x000020c6                u8g_pb_GetPageBox
 .text.u8g_pb_Is8PixelVisible
                0x000020e6       0x24 u8g_pb.o
                0x000020e6                u8g_pb_Is8PixelVisible
 .text.u8g_pb8v1_set_pixel
                0x0000210a       0x3a u8g_pb8v1.o
                0x0000210a                u8g_pb8v1_set_pixel
 .text.u8g_pb8v1_SetPixel
                0x00002144       0x28 u8g_pb8v1.o
                0x00002144                u8g_pb8v1_SetPixel
 .text.u8g_pb8v1_Set8PixelOpt2
                0x0000216c       0x6e u8g_pb8v1.o
                0x0000216c                u8g_pb8v1_Set8PixelOpt2
 .text.u8g_dev_pb8v1_base_fn
                0x000021da       0x8e u8g_pb8v1.o
                0x000021da                u8g_dev_pb8v1_base_fn
 .text.u8g_draw_hline
                0x00002268       0x5e u8g_rect.o
                0x00002268                u8g_draw_hline
 .text.u8g_draw_vline
                0x000022c6       0x5e u8g_rect.o
                0x000022c6                u8g_draw_vline
 .text.u8g_DrawFrame
                0x00002324       0x5c u8g_rect.o
                0x00002324                u8g_DrawFrame
 .text.u8g_state_dummy_cb
                0x00002380        0x2 u8g_state.o
                0x00002380                u8g_state_dummy_cb
 .text.avr-libc.fplib
                0x00002382        0xa c:/program files (x86)/atmel/studio/7.0/toolchain/avr8/avr8-gnu-toolchain/bin/../lib/gcc/avr/5.4.0/../../../../avr/lib/avr6\libm.a(addsf3.o)
                0x00002382                __subsf3
                0x00002384                __addsf3
 .text.avr-libc.fplib
                0x0000238c       0xc0 c:/program files (x86)/atmel/studio/7.0/toolchain/avr8/avr8-gnu-toolchain/bin/../lib/gcc/avr/5.4.0/../../../../avr/lib/avr6\libm.a(addsf3x.o)
                0x000023a6                __addsf3x
 .text.avr-libc.fplib
                0x0000244c        0x8 c:/program files (x86)/atmel/studio/7.0/toolchain/avr8/avr8-gnu-toolchain/bin/../lib/gcc/avr/5.4.0/../../../../avr/lib/avr6\libm.a(cmpsf2.o)
                0x0000244c                __nesf2
                0x0000244c                __eqsf2
                0x0000244c                __cmpsf2
                0x0000244c                __ltsf2
                0x0000244c                __lesf2
 .text.avr-libc.fplib
                0x00002454        0x4 c:/program files (x86)/atmel/studio/7.0/toolchain/avr8/avr8-gnu-toolchain/bin/../lib/gcc/avr/5.4.0/../../../../avr/lib/avr6\libm.a(divsf3.o)
                0x00002454                __divsf3
 .text.avr-libc.fplib
                0x00002458       0xcc c:/program files (x86)/atmel/studio/7.0/toolchain/avr8/avr8-gnu-toolchain/bin/../lib/gcc/avr/5.4.0/../../../../avr/lib/avr6\libm.a(divsf3x.o)
                0x0000246e                __divsf3x
                0x00002472                __divsf3_pse
 .text.avr-libc.fplib
                0x00002524        0xa c:/program files (x86)/atmel/studio/7.0/toolchain/avr8/avr8-gnu-toolchain/bin/../lib/gcc/avr/5.4.0/../../../../avr/lib/avr6\libm.a(fixsfsi.o)
                0x00002524                __fixsfsi
 .text.avr-libc.fplib
                0x0000252e       0x58 c:/program files (x86)/atmel/studio/7.0/toolchain/avr8/avr8-gnu-toolchain/bin/../lib/gcc/avr/5.4.0/../../../../avr/lib/avr6\libm.a(fixunssfsi.o)
                0x0000252e                __fixunssfsi
 .text.avr-libc.fplib
                0x00002586       0x7a c:/program files (x86)/atmel/studio/7.0/toolchain/avr8/avr8-gnu-toolchain/bin/../lib/gcc/avr/5.4.0/../../../../avr/lib/avr6\libm.a(floatsisf.o)
                0x00002586                __floatunsisf
                0x0000258a                __floatsisf
 .text.avr-libc.fplib
                0x00002600       0x48 c:/program files (x86)/atmel/studio/7.0/toolchain/avr8/avr8-gnu-toolchain/bin/../lib/gcc/avr/5.4.0/../../../../avr/lib/avr6\libm.a(fp_cmp.o)
                0x00002600                __fp_cmp
 .text.avr-libc.fplib
                0x00002648        0xc c:/program files (x86)/atmel/studio/7.0/toolchain/avr8/avr8-gnu-toolchain/bin/../lib/gcc/avr/5.4.0/../../../../avr/lib/avr6\libm.a(fp_inf.o)
                0x00002648                __fp_inf
 .text.avr-libc.fplib
                0x00002654        0x6 c:/program files (x86)/atmel/studio/7.0/toolchain/avr8/avr8-gnu-toolchain/bin/../lib/gcc/avr/5.4.0/../../../../avr/lib/avr6\libm.a(fp_nan.o)
                0x00002654                __fp_nan
 .text.avr-libc.fplib
                0x0000265a        0xe c:/program files (x86)/atmel/studio/7.0/toolchain/avr8/avr8-gnu-toolchain/bin/../lib/gcc/avr/5.4.0/../../../../avr/lib/avr6\libm.a(fp_pscA.o)
                0x0000265a                __fp_pscA
 .text.avr-libc.fplib
                0x00002668        0xe c:/program files (x86)/atmel/studio/7.0/toolchain/avr8/avr8-gnu-toolchain/bin/../lib/gcc/avr/5.4.0/../../../../avr/lib/avr6\libm.a(fp_pscB.o)
                0x00002668                __fp_pscB
 .text.avr-libc.fplib
                0x00002676       0x22 c:/program files (x86)/atmel/studio/7.0/toolchain/avr8/avr8-gnu-toolchain/bin/../lib/gcc/avr/5.4.0/../../../../avr/lib/avr6\libm.a(fp_round.o)
                0x00002676                __fp_round
 .text.avr-libc.fplib
                0x00002698       0x44 c:/program files (x86)/atmel/studio/7.0/toolchain/avr8/avr8-gnu-toolchain/bin/../lib/gcc/avr/5.4.0/../../../../avr/lib/avr6\libm.a(fp_split3.o)
                0x00002698                __fp_split3
                0x000026a8                __fp_splitA
 .text.avr-libc.fplib
                0x000026dc        0xe c:/program files (x86)/atmel/studio/7.0/toolchain/avr8/avr8-gnu-toolchain/bin/../lib/gcc/avr/5.4.0/../../../../avr/lib/avr6\libm.a(fp_zero.o)
                0x000026dc                __fp_zero
                0x000026de                __fp_szero
 .text.avr-libc.fplib
                0x000026ea        0x8 c:/program files (x86)/atmel/studio/7.0/toolchain/avr8/avr8-gnu-toolchain/bin/../lib/gcc/avr/5.4.0/../../../../avr/lib/avr6\libm.a(gesf2.o)
                0x000026ea                __gesf2
                0x000026ea                __gtsf2
 .text.avr-libc.fplib
                0x000026f2        0x4 c:/program files (x86)/atmel/studio/7.0/toolchain/avr8/avr8-gnu-toolchain/bin/../lib/gcc/avr/5.4.0/../../../../avr/lib/avr6\libm.a(mulsf3.o)
                0x000026f2                __mulsf3
 .text.avr-libc.fplib
                0x000026f6       0xc2 c:/program files (x86)/atmel/studio/7.0/toolchain/avr8/avr8-gnu-toolchain/bin/../lib/gcc/avr/5.4.0/../../../../avr/lib/avr6\libm.a(mulsf3x.o)
                0x0000270a                __mulsf3x
                0x0000270e                __mulsf3_pse
 .text.avr-libc.fplib
                0x000027b8       0x98 c:/program files (x86)/atmel/studio/7.0/toolchain/avr8/avr8-gnu-toolchain/bin/../lib/gcc/avr/5.4.0/../../../../avr/lib/avr6\libm.a(pow.o)
                0x000027b8                pow
 .text.avr-libc.fplib
                0x00002850       0x62 c:/program files (x86)/atmel/studio/7.0/toolchain/avr8/avr8-gnu-toolchain/bin/../lib/gcc/avr/5.4.0/../../../../avr/lib/avr6\libm.a(exp.o)
                0x0000285a                exp
 .text.avr-libc.fplib
                0x000028b2       0x4a c:/program files (x86)/atmel/studio/7.0/toolchain/avr8/avr8-gnu-toolchain/bin/../lib/gcc/avr/5.4.0/../../../../avr/lib/avr6\libm.a(fp_powser.o)
                0x000028b2                __fp_powser
 .text.avr-libc.fplib
                0x000028fc        0xe c:/program files (x86)/atmel/studio/7.0/toolchain/avr8/avr8-gnu-toolchain/bin/../lib/gcc/avr/5.4.0/../../../../avr/lib/avr6\libm.a(inverse.o)
                0x000028fc                inverse
 .text.avr-libc.fplib
                0x0000290a       0x6c c:/program files (x86)/atmel/studio/7.0/toolchain/avr8/avr8-gnu-toolchain/bin/../lib/gcc/avr/5.4.0/../../../../avr/lib/avr6\libm.a(ldexp.o)
                0x0000290e                ldexp
 .text.avr-libc.fplib
                0x00002976       0x8a c:/program files (x86)/atmel/studio/7.0/toolchain/avr8/avr8-gnu-toolchain/bin/../lib/gcc/avr/5.4.0/../../../../avr/lib/avr6\libm.a(log.o)
                0x00002980                log
 .text.avr-libc.fplib
                0x00002a00       0x66 c:/program files (x86)/atmel/studio/7.0/toolchain/avr8/avr8-gnu-toolchain/bin/../lib/gcc/avr/5.4.0/../../../../avr/lib/avr6\libm.a(modf.o)
                0x00002a00                modf
                0x00002a00                modff
 .text.avr-libc.fplib
                0x00002a66       0x1c c:/program files (x86)/atmel/studio/7.0/toolchain/avr8/avr8-gnu-toolchain/bin/../lib/gcc/avr/5.4.0/../../../../avr/lib/avr6\libm.a(fp_mpack.o)
                0x00002a66                __fp_mpack
                0x00002a6a                __fp_mpack_finite
 .text.libgcc.div
                0x00002a82       0x26 c:/program files (x86)/atmel/studio/7.0/toolchain/avr8/avr8-gnu-toolchain/bin/../lib/gcc/avr/5.4.0/avr6\libgcc.a(_divmodhi4.o)
                0x00002a82                _div
                0x00002a82                __divmodhi4
 .text.libgcc   0x00002aa8       0x10 c:/program files (x86)/atmel/studio/7.0/toolchain/avr8/avr8-gnu-toolchain/bin/../lib/gcc/avr/5.4.0/avr6\libgcc.a(_tablejump2.o)
                0x00002aa8                __tablejump2__
 .text.libgcc.div
                0x00002ab8       0x28 c:/program files (x86)/atmel/studio/7.0/toolchain/avr8/avr8-gnu-toolchain/bin/../lib/gcc/avr/5.4.0/avr6\libgcc.a(_udivmodhi4.o)
                0x00002ab8                __udivmodhi4
 .text.avr-libc
                0x00002ae0       0x12 c:/program files (x86)/atmel/studio/7.0/toolchain/avr8/avr8-gnu-toolchain/bin/../lib/gcc/avr/5.4.0/../../../../avr/lib/avr6\libc.a(memcpy_P.o)
                0x00002ae0                memcpy_P
                0x00002af2                . = ALIGN (0x2)
 *(.fini9)
 .fini9         0x00002af2        0x0 c:/program files (x86)/atmel/studio/7.0/toolchain/avr8/avr8-gnu-toolchain/bin/../lib/gcc/avr/5.4.0/avr6\libgcc.a(_exit.o)
                0x00002af2                _exit
                0x00002af2                exit
 *(.fini9)
 *(.fini8)
 *(.fini8)
 *(.fini7)
 *(.fini7)
 *(.fini6)
 *(.fini6)
 *(.fini5)
 *(.fini5)
 *(.fini4)
 *(.fini4)
 *(.fini3)
 *(.fini3)
 *(.fini2)
 *(.fini2)
 *(.fini1)
 *(.fini1)
 *(.fini0)
 .fini0         0x00002af2        0x4 c:/program files (x86)/atmel/studio/7.0/toolchain/avr8/avr8-gnu-toolchain/bin/../lib/gcc/avr/5.4.0/avr6\libgcc.a(_exit.o)
 *(.fini0)
                0x00002af6                _etext = .

.data           0x00800200       0x3a load address 0x00002af6
                0x00800200                PROVIDE (__data_start, .)
 *(.data)
 *(.data*)
 .data.volts_per_div
                0x00800200        0x4 design_oscilloscope.o
                0x00800200                volts_per_div
 .data.ms_per_div
                0x00800204        0x4 design_oscilloscope.o
                0x00800204                ms_per_div
 .data.u8g_dev_ks0108_128x64_fast
                0x00800208        0x6 u8g_dev_ks0108_128x64.o
                0x00800208                u8g_dev_ks0108_128x64_fast
 .data.u8g_dev_ks0108_128x64_fast_pb
                0x0080020e        0x8 u8g_dev_ks0108_128x64.o
                0x0080020e                u8g_dev_ks0108_128x64_fast_pb
 *(.gnu.linkonce.d*)
 *(.rodata)
 *(.rodata*)
 .rodata.str1.1
                0x00800216       0x24 design_oscilloscope.o
 *(.gnu.linkonce.r*)
                0x0080023a                . = ALIGN (0x2)
                0x0080023a                _edata = .
                0x0080023a                PROVIDE (__data_end, .)

.bss            0x0080023a      0x30f
                0x0080023a                PROVIDE (__bss_start, .)
 *(.bss)
 *(.bss*)
 .bss.vert_disp
                0x0080023a        0x2 design_oscilloscope.o
                0x0080023a                vert_disp
 .bss.hold_flag
                0x0080023c        0x2 design_oscilloscope.o
                0x0080023c                hold_flag
 .bss.u8g_dev_ks0108_128x64_fast_buf
                0x0080023e       0x80 u8g_dev_ks0108_128x64.o
                0x0080023e                u8g_dev_ks0108_128x64_fast_buf
 *(COMMON)
 COMMON         0x008002be      0x252 design_oscilloscope.o
                0x008002be                start_wave_idx
                0x008002c0                freq
                0x008002c4                V_min
                0x008002c6                pixel_loc
                0x00800386                V_pp
                0x0080038a                V_max
                0x0080038c                end_wave_idx
                0x0080038e                V_mid
                0x00800390                buffer_input_data
 COMMON         0x00800510       0x39 u8glib.o
                0x00800510                u8g
                0x00800547                tx
                0x00800548                ty
                0x00800549                PROVIDE (__bss_end, .)
                0x00002af6                __data_load_start = LOADADDR (.data)
                0x00002b30                __data_load_end = (__data_load_start + SIZEOF (.data))

.noinit         0x00800549        0x0
                [!provide]                PROVIDE (__noinit_start, .)
 *(.noinit*)
                [!provide]                PROVIDE (__noinit_end, .)
                0x00800549                _end = .
                [!provide]                PROVIDE (__heap_start, .)

.eeprom         0x00810000        0x0
 *(.eeprom*)
                0x00810000                __eeprom_end = .

.fuse
 *(.fuse)
 *(.lfuse)
 *(.hfuse)
 *(.efuse)

.lock
 *(.lock*)

.signature
 *(.signature*)

.user_signatures
 *(.user_signatures*)

.stab
 *(.stab)

.stabstr
 *(.stabstr)

.stab.excl
 *(.stab.excl)

.stab.exclstr
 *(.stab.exclstr)

.stab.index
 *(.stab.index)

.stab.indexstr
 *(.stab.indexstr)

.comment        0x00000000       0x30
 *(.comment)
 .comment       0x00000000       0x30 adc.o
                                 0x31 (size before relaxing)
 .comment       0x00000030       0x31 design_oscilloscope.o
 .comment       0x00000030       0x31 u8glib.o
 .comment       0x00000030       0x31 u8g_clip.o
 .comment       0x00000030       0x31 u8g_com_api.o
 .comment       0x00000030       0x31 u8g_com_atmega_parallel.o
 .comment       0x00000030       0x31 u8g_com_io.o
 .comment       0x00000030       0x31 u8g_delay.o
 .comment       0x00000030       0x31 u8g_dev_ks0108_128x64.o
 .comment       0x00000030       0x31 u8g_font.o
 .comment       0x00000030       0x31 u8g_font_data.o
 .comment       0x00000030       0x31 u8g_line.o
 .comment       0x00000030       0x31 u8g_ll_api.o
 .comment       0x00000030       0x31 u8g_page.o
 .comment       0x00000030       0x31 u8g_pb.o
 .comment       0x00000030       0x31 u8g_pb8v1.o
 .comment       0x00000030       0x31 u8g_rect.o
 .comment       0x00000030       0x31 u8g_state.o

.note.gnu.avr.deviceinfo
                0x00000000       0x40
 .note.gnu.avr.deviceinfo
                0x00000000       0x40 C:/Program Files (x86)/Atmel/Studio/7.0/Packs/atmel/ATmega_DFP/1.6.364/gcc/dev/atmega2560/avr6/crtatmega2560.o

.note.gnu.build-id
 *(.note.gnu.build-id)

.debug
 *(.debug)

.line
 *(.line)

.debug_srcinfo
 *(.debug_srcinfo)

.debug_sfnames
 *(.debug_sfnames)

.debug_aranges  0x00000000      0x8a0
 *(.debug_aranges)
 .debug_aranges
                0x00000000       0x50 adc.o
 .debug_aranges
                0x00000050       0xc0 design_oscilloscope.o
 .debug_aranges
                0x00000110       0x90 u8glib.o
 .debug_aranges
                0x000001a0       0x20 u8g_clip.o
 .debug_aranges
                0x000001c0       0x68 u8g_com_api.o
 .debug_aranges
                0x00000228       0x28 u8g_com_atmega_parallel.o
 .debug_aranges
                0x00000250       0x58 u8g_com_io.o
 .debug_aranges
                0x000002a8       0x30 u8g_delay.o
 .debug_aranges
                0x000002d8       0x20 u8g_dev_ks0108_128x64.o
 .debug_aranges
                0x000002f8      0x2a8 u8g_font.o
 .debug_aranges
                0x000005a0       0x18 u8g_font_data.o
 .debug_aranges
                0x000005b8       0x20 u8g_line.o
 .debug_aranges
                0x000005d8      0x170 u8g_ll_api.o
 .debug_aranges
                0x00000748       0x30 u8g_page.o
 .debug_aranges
                0x00000778       0x50 u8g_pb.o
 .debug_aranges
                0x000007c8       0x48 u8g_pb8v1.o
 .debug_aranges
                0x00000810       0x60 u8g_rect.o
 .debug_aranges
                0x00000870       0x30 u8g_state.o

.debug_pubnames
 *(.debug_pubnames)

.debug_info     0x00000000    0x1075a
 *(.debug_info .gnu.linkonce.wi.*)
 .debug_info    0x00000000      0xbbc C:/Program Files (x86)/Atmel/Studio/7.0/Packs/atmel/ATmega_DFP/1.6.364/gcc/dev/atmega2560/avr6/crtatmega2560.o
 .debug_info    0x00000bbc      0x1a5 adc.o
 .debug_info    0x00000d61      0xa2c design_oscilloscope.o
 .debug_info    0x0000178d      0xcbe u8glib.o
 .debug_info    0x0000244b      0x54a u8g_clip.o
 .debug_info    0x00002995      0xa18 u8g_com_api.o
 .debug_info    0x000033ad      0xa96 u8g_com_atmega_parallel.o
 .debug_info    0x00003e43      0x7b9 u8g_com_io.o
 .debug_info    0x000045fc      0x116 u8g_delay.o
 .debug_info    0x00004712      0x916 u8g_dev_ks0108_128x64.o
 .debug_info    0x00005028     0x31ec u8g_font.o
 .debug_info    0x00008214     0x3f89 u8g_font_data.o
 .debug_info    0x0000c19d      0x56a u8g_line.o
 .debug_info    0x0000c707     0x1a5b u8g_ll_api.o
 .debug_info    0x0000e162      0x1a4 u8g_page.o
 .debug_info    0x0000e306      0x800 u8g_pb.o
 .debug_info    0x0000eb06      0x8a5 u8g_pb8v1.o
 .debug_info    0x0000f3ab      0xe90 u8g_rect.o
 .debug_info    0x0001023b      0x51f u8g_state.o

.debug_abbrev   0x00000000     0x289e
 *(.debug_abbrev)
 .debug_abbrev  0x00000000      0xb1a C:/Program Files (x86)/Atmel/Studio/7.0/Packs/atmel/ATmega_DFP/1.6.364/gcc/dev/atmega2560/avr6/crtatmega2560.o
 .debug_abbrev  0x00000b1a      0x10c adc.o
 .debug_abbrev  0x00000c26      0x23b design_oscilloscope.o
 .debug_abbrev  0x00000e61      0x251 u8glib.o
 .debug_abbrev  0x000010b2      0x165 u8g_clip.o
 .debug_abbrev  0x00001217      0x19e u8g_com_api.o
 .debug_abbrev  0x000013b5      0x191 u8g_com_atmega_parallel.o
 .debug_abbrev  0x00001546      0x22a u8g_com_io.o
 .debug_abbrev  0x00001770       0xc8 u8g_delay.o
 .debug_abbrev  0x00001838      0x170 u8g_dev_ks0108_128x64.o
 .debug_abbrev  0x000019a8      0x31c u8g_font.o
 .debug_abbrev  0x00001cc4       0x88 u8g_font_data.o
 .debug_abbrev  0x00001d4c      0x15f u8g_line.o
 .debug_abbrev  0x00001eab      0x2bf u8g_ll_api.o
 .debug_abbrev  0x0000216a       0xe5 u8g_page.o
 .debug_abbrev  0x0000224f      0x1c2 u8g_pb.o
 .debug_abbrev  0x00002411      0x1c4 u8g_pb8v1.o
 .debug_abbrev  0x000025d5      0x15d u8g_rect.o
 .debug_abbrev  0x00002732      0x16c u8g_state.o

.debug_line     0x00000000     0x408b
 *(.debug_line .debug_line.* .debug_line_end)
 .debug_line    0x00000000      0x1fa C:/Program Files (x86)/Atmel/Studio/7.0/Packs/atmel/ATmega_DFP/1.6.364/gcc/dev/atmega2560/avr6/crtatmega2560.o
 .debug_line    0x000001fa      0x1a5 adc.o
 .debug_line    0x0000039f      0x6a4 design_oscilloscope.o
 .debug_line    0x00000a43      0x2dd u8glib.o
 .debug_line    0x00000d20      0x15d u8g_clip.o
 .debug_line    0x00000e7d      0x25a u8g_com_api.o
 .debug_line    0x000010d7      0x242 u8g_com_atmega_parallel.o
 .debug_line    0x00001319      0x21f u8g_com_io.o
 .debug_line    0x00001538      0x15a u8g_delay.o
 .debug_line    0x00001692      0x134 u8g_dev_ks0108_128x64.o
 .debug_line    0x000017c6     0x1352 u8g_font.o
 .debug_line    0x00002b18       0x9d u8g_font_data.o
 .debug_line    0x00002bb5      0x174 u8g_line.o
 .debug_line    0x00002d29      0x8bc u8g_ll_api.o
 .debug_line    0x000035e5      0x13a u8g_page.o
 .debug_line    0x0000371f      0x216 u8g_pb.o
 .debug_line    0x00003935      0x2c5 u8g_pb8v1.o
 .debug_line    0x00003bfa      0x391 u8g_rect.o
 .debug_line    0x00003f8b      0x100 u8g_state.o

.debug_frame    0x00000000     0x1bd8
 *(.debug_frame)
 .debug_frame   0x00000000       0x8c adc.o
 .debug_frame   0x0000008c      0x28c design_oscilloscope.o
 .debug_frame   0x00000318      0x1fc u8glib.o
 .debug_frame   0x00000514       0x2c u8g_clip.o
 .debug_frame   0x00000540       0xdc u8g_com_api.o
 .debug_frame   0x0000061c       0x68 u8g_com_atmega_parallel.o
 .debug_frame   0x00000684       0xc8 u8g_com_io.o
 .debug_frame   0x0000074c       0x44 u8g_delay.o
 .debug_frame   0x00000790       0x54 u8g_dev_ks0108_128x64.o
 .debug_frame   0x000007e4      0xa80 u8g_font.o
 .debug_frame   0x00001264       0x58 u8g_line.o
 .debug_frame   0x000012bc      0x530 u8g_ll_api.o
 .debug_frame   0x000017ec       0x44 u8g_page.o
 .debug_frame   0x00001830       0x98 u8g_pb.o
 .debug_frame   0x000018c8       0xc8 u8g_pb8v1.o
 .debug_frame   0x00001990      0x204 u8g_rect.o
 .debug_frame   0x00001b94       0x44 u8g_state.o

.debug_str      0x00000000     0x36f5
 *(.debug_str)
 .debug_str     0x00000000      0x3e6 C:/Program Files (x86)/Atmel/Studio/7.0/Packs/atmel/ATmega_DFP/1.6.364/gcc/dev/atmega2560/avr6/crtatmega2560.o
 .debug_str     0x000003e6      0x216 adc.o
                                0x252 (size before relaxing)
 .debug_str     0x000005fc      0x2d6 design_oscilloscope.o
                                0x479 (size before relaxing)
 .debug_str     0x000008d2      0x2ad u8glib.o
                                0x520 (size before relaxing)
 .debug_str     0x00000b7f       0x48 u8g_clip.o
                                0x3f4 (size before relaxing)
 .debug_str     0x00000bc7      0x105 u8g_com_api.o
                                0x4b1 (size before relaxing)
 .debug_str     0x00000ccc       0xa7 u8g_com_atmega_parallel.o
                                0x46e (size before relaxing)
 .debug_str     0x00000d73       0xdb u8g_com_io.o
                                0x4ae (size before relaxing)
 .debug_str     0x00000e4e       0x27 u8g_delay.o
                                0x1c6 (size before relaxing)
 .debug_str     0x00000e75      0x130 u8g_dev_ks0108_128x64.o
                                0x56e (size before relaxing)
 .debug_str     0x00000fa5      0x739 u8g_font.o
                                0xb72 (size before relaxing)
 .debug_str     0x000016de     0x1a95 u8g_font_data.o
                               0x1c29 (size before relaxing)
 .debug_str     0x00003173       0x1d u8g_line.o
                                0x3ee (size before relaxing)
 .debug_str     0x00003190      0x2d1 u8g_ll_api.o
                                0x705 (size before relaxing)
 .debug_str     0x00003461       0x3b u8g_page.o
                                0x1ff (size before relaxing)
 .debug_str     0x0000349c       0xb6 u8g_pb.o
                                0x4de (size before relaxing)
 .debug_str     0x00003552       0x82 u8g_pb8v1.o
                                0x4f4 (size before relaxing)
 .debug_str     0x000035d4       0xa2 u8g_rect.o
                                0x481 (size before relaxing)
 .debug_str     0x00003676       0x7f u8g_state.o
                                0x42b (size before relaxing)

.debug_loc      0x00000000     0xa03b
 *(.debug_loc)
 .debug_loc     0x00000000       0x9a adc.o
 .debug_loc     0x0000009a      0x635 design_oscilloscope.o
 .debug_loc     0x000006cf      0x8c0 u8glib.o
 .debug_loc     0x00000f8f      0x23c u8g_clip.o
 .debug_loc     0x000011cb      0x661 u8g_com_api.o
 .debug_loc     0x0000182c      0x3df u8g_com_atmega_parallel.o
 .debug_loc     0x00001c0b      0x36c u8g_com_io.o
 .debug_loc     0x00001f77       0x51 u8g_delay.o
 .debug_loc     0x00001fc8      0x190 u8g_dev_ks0108_128x64.o
 .debug_loc     0x00002158     0x42bc u8g_font.o
 .debug_loc     0x00006414      0x2be u8g_line.o
 .debug_loc     0x000066d2     0x1f50 u8g_ll_api.o
 .debug_loc     0x00008622       0xed u8g_page.o
 .debug_loc     0x0000870f      0x507 u8g_pb.o
 .debug_loc     0x00008c16      0x5d0 u8g_pb8v1.o
 .debug_loc     0x000091e6      0xdbf u8g_rect.o
 .debug_loc     0x00009fa5       0x96 u8g_state.o

.debug_macinfo
 *(.debug_macinfo)

.debug_weaknames
 *(.debug_weaknames)

.debug_funcnames
 *(.debug_funcnames)

.debug_typenames
 *(.debug_typenames)

.debug_varnames
 *(.debug_varnames)

.debug_pubtypes
 *(.debug_pubtypes)

.debug_ranges   0x00000000      0x808
 *(.debug_ranges)
 .debug_ranges  0x00000000       0x40 adc.o
 .debug_ranges  0x00000040       0xc8 design_oscilloscope.o
 .debug_ranges  0x00000108       0x80 u8glib.o
 .debug_ranges  0x00000188       0x10 u8g_clip.o
 .debug_ranges  0x00000198       0x58 u8g_com_api.o
 .debug_ranges  0x000001f0       0x18 u8g_com_atmega_parallel.o
 .debug_ranges  0x00000208       0x48 u8g_com_io.o
 .debug_ranges  0x00000250       0x20 u8g_delay.o
 .debug_ranges  0x00000270       0x10 u8g_dev_ks0108_128x64.o
 .debug_ranges  0x00000280      0x310 u8g_font.o
 .debug_ranges  0x00000590       0x10 u8g_line.o
 .debug_ranges  0x000005a0      0x160 u8g_ll_api.o
 .debug_ranges  0x00000700       0x20 u8g_page.o
 .debug_ranges  0x00000720       0x40 u8g_pb.o
 .debug_ranges  0x00000760       0x38 u8g_pb8v1.o
 .debug_ranges  0x00000798       0x50 u8g_rect.o
 .debug_ranges  0x000007e8       0x20 u8g_state.o

.debug_macro
 *(.debug_macro)
OUTPUT(design_oscilloscope.elf elf32-avr)
LOAD linker stubs
